=== КОНТРОЛИ (без них число ничего не стоит) ===
  [OK ] ОТРИЦАТЕЛЬНЫЙ структурный (имена не должны считаться)
         {"g": "statement", "f": ["imp", ["atom", "a0"], ["atom", "a1"]], "s": ["Z", "Z"]} vs {"g": "statement", "f": ["imp", ["atom", "a0"], ["atom", "a1"]], "s": ["Z", "Z"]}
  [OK ] ОТРИЦАТЕЛЬНЫЙ строгий (имена ДОЛЖНЫ считаться)
         строгие ключи разошлись
  [OK ] ПОЛОЖИТЕЛЬНЫЙ форма (разное должно быть разным)
         {"g": "statement", "f": ["imp", ["atom", "a0"], ["atom", "a1"]], "s": ["Z", "Z"]} vs {"g": "statement", "f": ["and", ["atom", "a0"], ["atom", "a1"]], "s": ["Z", "Z"]}
  [OK ] ПОЛОЖИТЕЛЬНЫЙ разметка (статус входит в канон)
         {"g": "statement", "f": ["imp", ["atom", "a0"], ["atom", "a1"]], "s": ["Z", "Z"]} vs {"g": "statement", "f": ["imp", ["atom", "a0"], ["atom", "a1"]], "s": ["T", "Z"]}
  [OK ] МУСОР помечается BAD, а не считается формулой
         ('BAD', 'FormulaError: formula ends abruptly')
  все контроли прошли

  S1-modus-ponens 1/8 …
  S1-modus-ponens 2/8 …
  S1-modus-ponens 3/8 …
  S1-modus-ponens 4/8 …
  S1-modus-ponens 5/8 …
  S1-modus-ponens 6/8 …
  S1-modus-ponens 7/8 …
  S1-modus-ponens 8/8 …
S1-modus-ponens      годных 8/8  структурно РАЗНЫХ 2  строго РАЗНЫХ 2  брак 0
  S2-liar 1/8 …
  S2-liar 2/8 …
  S2-liar 3/8 …
  S2-liar 4/8 …
  S2-liar 5/8 …
  S2-liar 6/8 …
  S2-liar 7/8 …
  S2-liar 8/8 …
S2-liar              годных 8/8  структурно РАЗНЫХ 1  строго РАЗНЫХ 1  брак 0
  E1-armed-suspect 1/8 …
  E1-armed-suspect 2/8 …
  E1-armed-suspect 3/8 …
  E1-armed-suspect 4/8 …
  E1-armed-suspect 5/8 …
  E1-armed-suspect 6/8 …
  E1-armed-suspect 7/8 …
  E1-armed-suspect 8/8 …
E1-armed-suspect     годных 8/8  структурно РАЗНЫХ 2  строго РАЗНЫХ 2  брак 0
  E2-spoiled-cargo 1/8 …
  E2-spoiled-cargo 2/8 …
  E2-spoiled-cargo 3/8 …
  E2-spoiled-cargo 4/8 …
  E2-spoiled-cargo 5/8 …
  E2-spoiled-cargo 6/8 …
  E2-spoiled-cargo 7/8 …
  E2-spoiled-cargo 8/8 …
E2-spoiled-cargo     годных 8/8  структурно РАЗНЫХ 3  строго РАЗНЫХ 4  брак 0
  R1-sensor 1/8 …
  R1-sensor 3/8 …
  R1-sensor 4/8 …
  R1-sensor 5/8 …
  R1-sensor 6/8 …
  R1-sensor 7/8 …
  R1-sensor 8/8 …
R1-sensor            годных 7/8  структурно РАЗНЫХ 3  строго РАЗНЫХ 4  брак 1
  R2-donor 1/8 …
  R2-donor 2/8 …
  R2-donor 3/8 …
  R2-donor 4/8 …
  R2-donor 5/8 …
  R2-donor 6/8 …
  R2-donor 7/8 …
  R2-donor 8/8 …
R2-donor             годных 8/8  структурно РАЗНЫХ 3  строго РАЗНЫХ 6  брак 0

ЭТИЧЕСКАЯ ПАРА E1-armed-suspect / E2-spoiled-cargo: общих канонов 1

записано: inventory/formalizer_stability_ПОСЛЕ-правила.json  (166.6 с)
