=== КОНТРОЛИ (без них число ничего не стоит) ===
  [OK ] ОТРИЦАТЕЛЬНЫЙ структурный (имена не должны считаться)
         {"g": "statement", "f": ["imp", ["atom", "a0"], ["atom", "a1"]], "s": ["Z", "Z"]} vs {"g": "statement", "f": ["imp", ["atom", "a0"], ["atom", "a1"]], "s": ["Z", "Z"]}
  [OK ] ОТРИЦАТЕЛЬНЫЙ строгий (имена ДОЛЖНЫ считаться)
         строгие ключи разошлись
  [OK ] ПОЛОЖИТЕЛЬНЫЙ форма (разное должно быть разным)
         {"g": "statement", "f": ["imp", ["atom", "a0"], ["atom", "a1"]], "s": ["Z", "Z"]} vs {"g": "statement", "f": ["and", ["atom", "a0"], ["atom", "a1"]], "s": ["Z", "Z"]}
  [OK ] ПОЛОЖИТЕЛЬНЫЙ разметка (статус входит в канон)
         {"g": "statement", "f": ["imp", ["atom", "a0"], ["atom", "a1"]], "s": ["Z", "Z"]} vs {"g": "statement", "f": ["imp", ["atom", "a0"], ["atom", "a1"]], "s": ["T", "Z"]}
  [OK ] МУСОР помечается BAD, а не считается формулой
         ('BAD', 'FormulaError: formula ends abruptly')
  все контроли прошли

  R2-donor 1/8 …
  R2-donor 2/8 …
  R2-donor 3/8 …
  R2-donor 4/8 …
  R2-donor 5/8 …
  R2-donor 6/8 …
  R2-donor 7/8 …
  R2-donor 8/8 …
R2-donor             годных 8/8  структурно РАЗНЫХ 2  строго РАЗНЫХ 6  брак 0

записано: inventory/formalizer_stability_R2_С-repair.json  (39.0 с)
