=== КОНТРОЛИ (без них число ничего не стоит) ===
  [OK ] ОТРИЦАТЕЛЬНЫЙ структурный (имена не должны считаться)
         {"g": "statement", "f": ["imp", ["atom", "a0"], ["atom", "a1"]], "s": ["Z", "Z"]} vs {"g": "statement", "f": ["imp", ["atom", "a0"], ["atom", "a1"]], "s": ["Z", "Z"]}
  [OK ] ОТРИЦАТЕЛЬНЫЙ строгий (имена ДОЛЖНЫ считаться)
         строгие ключи разошлись
  [OK ] ПОЛОЖИТЕЛЬНЫЙ форма (разное должно быть разным)
         {"g": "statement", "f": ["imp", ["atom", "a0"], ["atom", "a1"]], "s": ["Z", "Z"]} vs {"g": "statement", "f": ["and", ["atom", "a0"], ["atom", "a1"]], "s": ["Z", "Z"]}
  [OK ] ПОЛОЖИТЕЛЬНЫЙ разметка (статус входит в канон)
         {"g": "statement", "f": ["imp", ["atom", "a0"], ["atom", "a1"]], "s": ["Z", "Z"]} vs {"g": "statement", "f": ["imp", ["atom", "a0"], ["atom", "a1"]], "s": ["T", "Z"]}
  [OK ] МУСОР помечается BAD, а не считается формулой
         ('BAD', 'FormulaError: formula ends abruptly')
  все контроли прошли

  R1-sensor 1/8 …
  R1-sensor 2/8 …
  R1-sensor 3/8 …
  R1-sensor 4/8 …
  R1-sensor 5/8 …
  R1-sensor 6/8 …
  R1-sensor 7/8 …
  R1-sensor 8/8 …
R1-sensor            годных 8/8  структурно РАЗНЫХ 2  строго РАЗНЫХ 3  брак 0

записано: inventory/formalizer_stability_R1_С-repair.json  (28.3 с)
